Total chunks: 404

=== Chunks from page 1 ===
Found 4 chunks on page 1

--- Chunk 0 (chunk-00001) ---
  H3: N/A
  section: โครงสร้างข้อมูลเบื้องต้น (Data Structure)
  Content preview: [บริบทของชิ้นข้อมูล: เอกสาร=data_structure_data_ch1_to_ch5.pdf:1 | หัวข้อย่อย=โครงสร้างข้อมูลเบื้องต้น (Data Structure) | เส้นทางหัวข้อ=หน่วยเรียนที่ ...

--- Chunk 1 (chunk-00002) ---
  H3: 1.1.1 ความหมายโครงสร้างข้อมูล
  section: 1.1.1 ความหมายโครงสร้างข้อมูล
  Content preview: [บริบทของชิ้นข้อมูล: เอกสาร=data_structure_data_ch1_to_ch5.pdf:1 | หัวข้อย่อย=1.1.1 ความหมายโครงสร้างข้อมูล | เส้นทางหัวข้อ=หน่วยเรียนที่ 1 > 1.1 ความ...

--- Chunk 2 (chunk-00003) ---
  H3: 1.1.1 ความหมายโครงสร้างข้อมูล
  section: 1.1.1 ความหมายโครงสร้างข้อมูล
  Content preview: [บริบทของชิ้นข้อมูล: เอกสาร=data_structure_data_ch1_to_ch5.pdf:1 | หัวข้อย่อย=1.1.1 ความหมายโครงสร้างข้อมูล | เส้นทางหัวข้อ=หน่วยเรียนที่ 1 > 1.1 ความ...

--- Chunk 3 (chunk-00004) ---
  H3: 1.1.2 ความหมายอัลกอริทึม
  section: 1.1.2 ความหมายอัลกอริทึม
  Content preview: [บริบทของชิ้นข้อมูล: เอกสาร=data_structure_data_ch1_to_ch5.pdf:1 | หัวข้อย่อย=1.1.2 ความหมายอัลกอริทึม | เส้นทางหัวข้อ=หน่วยเรียนที่ 1 > 1.1 ความหมายโ...


=== Test section matching for 1.1.1 ===
Section docs (1.1.1): 3
  - chunk-00002: H3=1.1.1 ความหมายโครงสร้างข้อมูล
  - chunk-00003: H3=1.1.1 ความหมายโครงสร้างข้อมูล
  - chunk-00004: H3=1.1.2 ความหมายอัลกอริทึม

Other docs: 1
  - chunk-00001: H3=N/A

=== Simulate select_context_docs_diverse ===
After reorder: 4 docs
First 3 docs: ['chunk-00002', 'chunk-00003', 'chunk-00004']

Selected 4 docs for context:
  1. chunk-00002 (page 1, H3=1.1.1 ความหมายโครงสร้างข้อมูล)
  2. chunk-00003 (page 1, H3=1.1.1 ความหมายโครงสร้างข้อมูล)
  3. chunk-00004 (page 1, H3=1.1.2 ความหมายอัลกอริทึม)
  4. chunk-00001 (page 1, H3=N/A)
.\.venv\Scripts\python.exe : Traceback (most recent call last):
At line:1 char:1
+ .\.venv\Scripts\python.exe test_retrieval.py 2>&1 | Tee-Object -FileP ...
+ ~~~~~~~~~~~~~~~~~~~~~~~~~~~~~~~~~~~~~~~~~~~~~~~~~
    + CategoryInfo          : NotSpecified: (Traceback (most recent call last)::String) [], RemoteException
    + FullyQualifiedErrorId : NativeCommandError
 
  File "C:\Users\Admin\data_structure_rag\test_retrieval.py", line 117, in <module>
    print(f"\n\u2705 Has 1.1.1 in context: {has_111}")
    ~~~~~^^^^^^^^^^^^^^^^^^^^^^^^^^^^^^^^^^^^^^^^^
  File "C:\Users\Admin\AppData\Local\Python\pythoncore-3.14-64\Lib\encodings\cp874.py", line 19, in encode
    return codecs.charmap_encode(input,self.errors,encoding_table)[0]
           ~~~~~~~~~~~~~~~~~~~~~^^^^^^^^^^^^^^^^^^^^^^^^^^^^^^^^^^
UnicodeEncodeError: 'charmap' codec can't encode character '\u2705' in position 2: character maps to <undefined>
